Java HotSpot(TM) 64-Bit Server VM (24.79-b02) for bsd-amd64 JRE (1.7.0_79-b15), built on Apr 10 2015 11:35:04 by "java_re" with gcc 4.2.1 (Based on Apple Inc. build 5658) (LLVM build 2336.11.00)
Memory: 4k page, physical 16777216k(4194304k free)

/proc/meminfo:

CommandLine flags: -XX:InitialHeapSize=268435456 -XX:MaxHeapSize=4294967296 -XX:+PrintGC -XX:+PrintGCDetails -XX:+PrintGCTimeStamps -XX:+UseCompressedOops -XX:+UseParallelGC 
1.547: [GC [PSYoungGen: 66048K->9113K(76800K)] 66048K->9121K(251392K), 0.0112790 secs] [Times: user=0.02 sys=0.01, real=0.01 secs] 
3.062: [GC [PSYoungGen: 55070K->9845K(76800K)] 55078K->9861K(251392K), 0.0127730 secs] [Times: user=0.03 sys=0.01, real=0.02 secs] 
3.075: [Full GC [PSYoungGen: 9845K->0K(76800K)] [ParOldGen: 16K->9390K(174592K)] 9861K->9390K(251392K) [PSPermGen: 22561K->22542K(45568K)], 0.0773730 secs] [Times: user=0.13 sys=0.01, real=0.07 secs] 
3.152: [GC [PSYoungGen: 0K->32K(76800K)] 9390K->9422K(251392K), 0.0007170 secs] [Times: user=0.00 sys=0.00, real=0.00 secs] 
3.153: [Full GC [PSYoungGen: 32K->0K(76800K)] [ParOldGen: 9390K->9390K(174592K)] 9422K->9390K(251392K) [PSPermGen: 22542K->22542K(51200K)], 0.0388700 secs] [Times: user=0.10 sys=0.00, real=0.04 secs] 
3.192: [GC [PSYoungGen: 0K->32K(76800K)] 9390K->9422K(251392K), 0.0006870 secs] [Times: user=0.00 sys=0.00, real=0.00 secs] 
3.193: [Full GC [PSYoungGen: 32K->0K(76800K)] [ParOldGen: 9390K->9390K(174592K)] 9422K->9390K(251392K) [PSPermGen: 22542K->22542K(49152K)], 0.0371310 secs] [Times: user=0.10 sys=0.00, real=0.04 secs] 
Heap
 PSYoungGen      total 76800K, used 34219K [0x00000007aaa80000, 0x00000007b0000000, 0x0000000800000000)
  eden space 66048K, 51% used [0x00000007aaa80000,0x00000007acbeaed0,0x00000007aeb00000)
  from space 10752K, 0% used [0x00000007af580000,0x00000007af580000,0x00000007b0000000)
  to   space 10752K, 0% used [0x00000007aeb00000,0x00000007aeb00000,0x00000007af580000)
 ParOldGen       total 174592K, used 9390K [0x0000000700000000, 0x000000070aa80000, 0x00000007aaa80000)
  object space 174592K, 5% used [0x0000000700000000,0x000000070092b830,0x000000070aa80000)
 PSPermGen       total 49152K, used 25445K [0x00000006fae00000, 0x00000006fde00000, 0x0000000700000000)
  object space 49152K, 51% used [0x00000006fae00000,0x00000006fc6d9458,0x00000006fde00000)
